// Jest Snapshot v1, https://goo.gl/fbAQLP

exports[`Data component renders 1`] = `
ShallowWrapper {
  Symbol(enzyme.__root__): [Circular],
  Symbol(enzyme.__unrendered__): <Data />,
  Symbol(enzyme.__renderer__): Object {
    "batchedUpdates": [Function],
    "getNode": [Function],
    "render": [Function],
    "simulateError": [Function],
    "simulateEvent": [Function],
    "unmount": [Function],
  },
  Symbol(enzyme.__node__): Object {
    "instance": null,
    "key": undefined,
    "nodeType": "host",
    "props": Object {
      "children": Array [
        <h5>
          Orders
        </h5>,
        <hr />,
        <table>
          <thead>
            <tr>
              <th
                className="th-coffee"
              >
                Coffee
              </th>
              <th
                className="th-method"
              >
                Method
              </th>
              <th
                className="th-cases"
              >
                Number of Cases
              </th>
              <th
                className="th-packets"
              >
                Packets per Case
              </th>
              <th
                className="th-shipDate"
              >
                Ship Date
              </th>
              <th
                className="th-orderNum"
              >
                Order
              </th>
              <th
                className="th-view"
              >
                View
              </th>
            </tr>
          </thead>
          <tbody />
        </table>,
      ],
      "className": "table",
    },
    "ref": null,
    "rendered": Array [
      Object {
        "instance": null,
        "key": undefined,
        "nodeType": "host",
        "props": Object {
          "children": "Orders",
        },
        "ref": null,
        "rendered": "Orders",
        "type": "h5",
      },
      Object {
        "instance": null,
        "key": undefined,
        "nodeType": "host",
        "props": Object {},
        "ref": null,
        "rendered": null,
        "type": "hr",
      },
      Object {
        "instance": null,
        "key": undefined,
        "nodeType": "host",
        "props": Object {
          "children": Array [
            <thead>
              <tr>
                <th
                  className="th-coffee"
                >
                  Coffee
                </th>
                <th
                  className="th-method"
                >
                  Method
                </th>
                <th
                  className="th-cases"
                >
                  Number of Cases
                </th>
                <th
                  className="th-packets"
                >
                  Packets per Case
                </th>
                <th
                  className="th-shipDate"
                >
                  Ship Date
                </th>
                <th
                  className="th-orderNum"
                >
                  Order
                </th>
                <th
                  className="th-view"
                >
                  View
                </th>
              </tr>
            </thead>,
            <tbody />,
          ],
        },
        "ref": null,
        "rendered": Array [
          Object {
            "instance": null,
            "key": undefined,
            "nodeType": "host",
            "props": Object {
              "children": <tr>
                <th
                  className="th-coffee"
                >
                  Coffee
                </th>
                <th
                  className="th-method"
                >
                  Method
                </th>
                <th
                  className="th-cases"
                >
                  Number of Cases
                </th>
                <th
                  className="th-packets"
                >
                  Packets per Case
                </th>
                <th
                  className="th-shipDate"
                >
                  Ship Date
                </th>
                <th
                  className="th-orderNum"
                >
                  Order
                </th>
                <th
                  className="th-view"
                >
                  View
                </th>
              </tr>,
            },
            "ref": null,
            "rendered": Object {
              "instance": null,
              "key": undefined,
              "nodeType": "host",
              "props": Object {
                "children": Array [
                  <th
                    className="th-coffee"
                  >
                    Coffee
                  </th>,
                  <th
                    className="th-method"
                  >
                    Method
                  </th>,
                  <th
                    className="th-cases"
                  >
                    Number of Cases
                  </th>,
                  <th
                    className="th-packets"
                  >
                    Packets per Case
                  </th>,
                  <th
                    className="th-shipDate"
                  >
                    Ship Date
                  </th>,
                  <th
                    className="th-orderNum"
                  >
                    Order
                  </th>,
                  <th
                    className="th-view"
                  >
                    View
                  </th>,
                ],
              },
              "ref": null,
              "rendered": Array [
                Object {
                  "instance": null,
                  "key": undefined,
                  "nodeType": "host",
                  "props": Object {
                    "children": "Coffee",
                    "className": "th-coffee",
                  },
                  "ref": null,
                  "rendered": "Coffee",
                  "type": "th",
                },
                Object {
                  "instance": null,
                  "key": undefined,
                  "nodeType": "host",
                  "props": Object {
                    "children": "Method",
                    "className": "th-method",
                  },
                  "ref": null,
                  "rendered": "Method",
                  "type": "th",
                },
                Object {
                  "instance": null,
                  "key": undefined,
                  "nodeType": "host",
                  "props": Object {
                    "children": "Number of Cases",
                    "className": "th-cases",
                  },
                  "ref": null,
                  "rendered": "Number of Cases",
                  "type": "th",
                },
                Object {
                  "instance": null,
                  "key": undefined,
                  "nodeType": "host",
                  "props": Object {
                    "children": "Packets per Case",
                    "className": "th-packets",
                  },
                  "ref": null,
                  "rendered": "Packets per Case",
                  "type": "th",
                },
                Object {
                  "instance": null,
                  "key": undefined,
                  "nodeType": "host",
                  "props": Object {
                    "children": "Ship Date",
                    "className": "th-shipDate",
                  },
                  "ref": null,
                  "rendered": "Ship Date",
                  "type": "th",
                },
                Object {
                  "instance": null,
                  "key": undefined,
                  "nodeType": "host",
                  "props": Object {
                    "children": "Order",
                    "className": "th-orderNum",
                  },
                  "ref": null,
                  "rendered": "Order",
                  "type": "th",
                },
                Object {
                  "instance": null,
                  "key": undefined,
                  "nodeType": "host",
                  "props": Object {
                    "children": "View",
                    "className": "th-view",
                  },
                  "ref": null,
                  "rendered": "View",
                  "type": "th",
                },
              ],
              "type": "tr",
            },
            "type": "thead",
          },
          Object {
            "instance": null,
            "key": undefined,
            "nodeType": "host",
            "props": Object {
              "children": Array [],
            },
            "ref": null,
            "rendered": Array [],
            "type": "tbody",
          },
        ],
        "type": "table",
      },
    ],
    "type": "div",
  },
  Symbol(enzyme.__nodes__): Array [
    Object {
      "instance": null,
      "key": undefined,
      "nodeType": "host",
      "props": Object {
        "children": Array [
          <h5>
            Orders
          </h5>,
          <hr />,
          <table>
            <thead>
              <tr>
                <th
                  className="th-coffee"
                >
                  Coffee
                </th>
                <th
                  className="th-method"
                >
                  Method
                </th>
                <th
                  className="th-cases"
                >
                  Number of Cases
                </th>
                <th
                  className="th-packets"
                >
                  Packets per Case
                </th>
                <th
                  className="th-shipDate"
                >
                  Ship Date
                </th>
                <th
                  className="th-orderNum"
                >
                  Order
                </th>
                <th
                  className="th-view"
                >
                  View
                </th>
              </tr>
            </thead>
            <tbody />
          </table>,
        ],
        "className": "table",
      },
      "ref": null,
      "rendered": Array [
        Object {
          "instance": null,
          "key": undefined,
          "nodeType": "host",
          "props": Object {
            "children": "Orders",
          },
          "ref": null,
          "rendered": "Orders",
          "type": "h5",
        },
        Object {
          "instance": null,
          "key": undefined,
          "nodeType": "host",
          "props": Object {},
          "ref": null,
          "rendered": null,
          "type": "hr",
        },
        Object {
          "instance": null,
          "key": undefined,
          "nodeType": "host",
          "props": Object {
            "children": Array [
              <thead>
                <tr>
                  <th
                    className="th-coffee"
                  >
                    Coffee
                  </th>
                  <th
                    className="th-method"
                  >
                    Method
                  </th>
                  <th
                    className="th-cases"
                  >
                    Number of Cases
                  </th>
                  <th
                    className="th-packets"
                  >
                    Packets per Case
                  </th>
                  <th
                    className="th-shipDate"
                  >
                    Ship Date
                  </th>
                  <th
                    className="th-orderNum"
                  >
                    Order
                  </th>
                  <th
                    className="th-view"
                  >
                    View
                  </th>
                </tr>
              </thead>,
              <tbody />,
            ],
          },
          "ref": null,
          "rendered": Array [
            Object {
              "instance": null,
              "key": undefined,
              "nodeType": "host",
              "props": Object {
                "children": <tr>
                  <th
                    className="th-coffee"
                  >
                    Coffee
                  </th>
                  <th
                    className="th-method"
                  >
                    Method
                  </th>
                  <th
                    className="th-cases"
                  >
                    Number of Cases
                  </th>
                  <th
                    className="th-packets"
                  >
                    Packets per Case
                  </th>
                  <th
                    className="th-shipDate"
                  >
                    Ship Date
                  </th>
                  <th
                    className="th-orderNum"
                  >
                    Order
                  </th>
                  <th
                    className="th-view"
                  >
                    View
                  </th>
                </tr>,
              },
              "ref": null,
              "rendered": Object {
                "instance": null,
                "key": undefined,
                "nodeType": "host",
                "props": Object {
                  "children": Array [
                    <th
                      className="th-coffee"
                    >
                      Coffee
                    </th>,
                    <th
                      className="th-method"
                    >
                      Method
                    </th>,
                    <th
                      className="th-cases"
                    >
                      Number of Cases
                    </th>,
                    <th
                      className="th-packets"
                    >
                      Packets per Case
                    </th>,
                    <th
                      className="th-shipDate"
                    >
                      Ship Date
                    </th>,
                    <th
                      className="th-orderNum"
                    >
                      Order
                    </th>,
                    <th
                      className="th-view"
                    >
                      View
                    </th>,
                  ],
                },
                "ref": null,
                "rendered": Array [
                  Object {
                    "instance": null,
                    "key": undefined,
                    "nodeType": "host",
                    "props": Object {
                      "children": "Coffee",
                      "className": "th-coffee",
                    },
                    "ref": null,
                    "rendered": "Coffee",
                    "type": "th",
                  },
                  Object {
                    "instance": null,
                    "key": undefined,
                    "nodeType": "host",
                    "props": Object {
                      "children": "Method",
                      "className": "th-method",
                    },
                    "ref": null,
                    "rendered": "Method",
                    "type": "th",
                  },
                  Object {
                    "instance": null,
                    "key": undefined,
                    "nodeType": "host",
                    "props": Object {
                      "children": "Number of Cases",
                      "className": "th-cases",
                    },
                    "ref": null,
                    "rendered": "Number of Cases",
                    "type": "th",
                  },
                  Object {
                    "instance": null,
                    "key": undefined,
                    "nodeType": "host",
                    "props": Object {
                      "children": "Packets per Case",
                      "className": "th-packets",
                    },
                    "ref": null,
                    "rendered": "Packets per Case",
                    "type": "th",
                  },
                  Object {
                    "instance": null,
                    "key": undefined,
                    "nodeType": "host",
                    "props": Object {
                      "children": "Ship Date",
                      "className": "th-shipDate",
                    },
                    "ref": null,
                    "rendered": "Ship Date",
                    "type": "th",
                  },
                  Object {
                    "instance": null,
                    "key": undefined,
                    "nodeType": "host",
                    "props": Object {
                      "children": "Order",
                      "className": "th-orderNum",
                    },
                    "ref": null,
                    "rendered": "Order",
                    "type": "th",
                  },
                  Object {
                    "instance": null,
                    "key": undefined,
                    "nodeType": "host",
                    "props": Object {
                      "children": "View",
                      "className": "th-view",
                    },
                    "ref": null,
                    "rendered": "View",
                    "type": "th",
                  },
                ],
                "type": "tr",
              },
              "type": "thead",
            },
            Object {
              "instance": null,
              "key": undefined,
              "nodeType": "host",
              "props": Object {
                "children": Array [],
              },
              "ref": null,
              "rendered": Array [],
              "type": "tbody",
            },
          ],
          "type": "table",
        },
      ],
      "type": "div",
    },
  ],
  Symbol(enzyme.__options__): Object {
    "adapter": ReactSixteenAdapter {
      "options": Object {
        "enableComponentDidUpdateOnSetState": true,
        "lifecycles": Object {
          "componentDidUpdate": Object {
            "onSetState": true,
          },
          "getDerivedStateFromProps": true,
          "getSnapshotBeforeUpdate": true,
          "setState": Object {
            "skipsComponentDidUpdateOnNullish": true,
          },
        },
      },
    },
  },
}
`;
